2024年 12月 11日 水曜日 04:41:27 JST
scripts/eff_las.C(2090,"pph")
Registering art::TStreamingModuleDecoderLRTDC
Registering art::TStreamingModuleDecoderHRTDC
Registering art::TStreamingModuleDecoderLRTDC64
Registering art::streaming::v1::TStreamingModuleDecoderLRTDC64
Registering art::streaming::v1::TStreamingModuleDecoderHRTDC
Use mass table inside root since Art.MassTable is not defined in .rootrc
Created art::TStreamingModuleDecoderHRTDC with decoder ID 2
Created art::TStreamingModuleDecoderLRTDC with decoder ID 1
Created art::TStreamingModuleDecoderLRTDC64 with decoder ID 3
Created art::streaming::v1::TStreamingModuleDecoderHRTDC with decoder ID 5
Created art::streaming::v1::TStreamingModuleDecoderLRTDC64 with decoder ID 6

Processing scripts/eff_las.C(2090,"pph")...
timer
es_ttree
steering gate/las/gate_las_pph_raw.yaml steering/gate/las gate_las_pph_raw.yaml
steering/gate/las tmpl/gate_las_pveto.tmpl.yaml steering/gate/las/tmpl gate_las_pveto.tmpl.yaml
gate_array_init_las_pveto
las_2ndpla_veto
stop_proc_las_pveto
loading tmpl/gate_las.tmpl.yaml
steering/gate/las tmpl/gate_las.tmpl.yaml steering/gate/las/tmpl gate_las.tmpl.yaml
gate_array_init_las_pid
las_pid
stop_proc_las_pid
loading tmpl/gate_las_tot.tmpl.yaml
steering/gate/las tmpl/gate_las_tot.tmpl.yaml steering/gate/las/tmpl gate_las_tot.tmpl.yaml
gate_array_init_las_tot
las_pid_tot
stop_proc_las_tot
hist_pid_las
hist_vdc_las_track
hist_vdc_eff_las
itrBegin = 135617552 itrEnd = 137228944
branch : eventheader
branch : trig_raw
branch : trig
branch : trig_gr
branch : trig_las
branch : trig_coin
branch : rf_raw
branch : rf
branch : rf1
branch : rf2
branch : rf3
branch : tref_las_raw
branch : tref_grfcet_raw
branch : tref_grtrig_raw
branch : tref_las
branch : tref_grfcet
branch : tref_grtrig
branch : pla_gr_raw
branch : pla_gr_cal
branch : pla_gr_1l_cal
branch : pla_gr_1r_cal
branch : pla_gr_2l_cal
branch : pla_gr_2r_cal
branch : pla_gr_1l
branch : pla_gr_1r
branch : pla_gr_2l
branch : pla_gr_2r
branch : pla_gr_1
branch : pla_gr_2
branch : vdc_gr_raw
branch : vdc_gr_cal
branch : vdc_gr_dt
branch : vdc_gr_x1
branch : vdc_gr_u1
branch : vdc_gr_x2
branch : vdc_gr_u2
branch : vdc_gr_clust_x1
branch : vdc_gr_clust_x2
branch : vdc_gr_clust_u1
branch : vdc_gr_clust_u2
branch : vdc_gr
branch : pla_las_raw
branch : pla_las_cal
branch : pla_las_1l_cal
branch : pla_las_1r_cal
branch : pla_las_2l_cal
branch : pla_las_2r_cal
branch : pla_las_3l_cal
branch : pla_las_3r_cal
branch : pla_las_4l_cal
branch : pla_las_4r_cal
branch : pla_las_5l_cal
branch : pla_las_5r_cal
branch : pla_las_6l_cal
branch : pla_las_6r_cal
branch : pla_las_3l
branch : pla_las_3r
branch : pla_las_4l
branch : pla_las_4r
branch : pla_las_5l
branch : pla_las_5r
branch : pla_las_6l
branch : pla_las_6r
branch : pla_las_3
branch : pla_las_4
branch : pla_las_5
branch : pla_las_6
branch : vdc_las_raw
branch : vdc_las_cal
branch : vdc_las_dt
branch : vdc_las_x1
branch : vdc_las_u1
branch : vdc_las_v1
branch : vdc_las_x2
branch : vdc_las_u2
branch : vdc_las_v2
branch : vdc_las_clust_x1
branch : vdc_las_clust_x2
branch : vdc_las_clust_u1
branch : vdc_las_clust_u2
branch : vdc_las_clust_v1
branch : vdc_las_clust_v2
branch : vdc_las_xu
branch : vdc_las_xv
branch : vdc_las_uv
branch : vdc_las
include
scripts/eff_las.C(2101,"pph")
Registering art::TStreamingModuleDecoderLRTDC
Registering art::TStreamingModuleDecoderHRTDC
Registering art::TStreamingModuleDecoderLRTDC64
Registering art::streaming::v1::TStreamingModuleDecoderLRTDC64
Registering art::streaming::v1::TStreamingModuleDecoderHRTDC
Use mass table inside root since Art.MassTable is not defined in .rootrc
Created art::TStreamingModuleDecoderHRTDC with decoder ID 2
Created art::TStreamingModuleDecoderLRTDC with decoder ID 1
Created art::TStreamingModuleDecoderLRTDC64 with decoder ID 3
Created art::streaming::v1::TStreamingModuleDecoderHRTDC with decoder ID 5
Created art::streaming::v1::TStreamingModuleDecoderLRTDC64 with decoder ID 6

Processing scripts/eff_las.C(2101,"pph")...
timer
es_ttree
steering gate/las/gate_las_pph_raw.yaml steering/gate/las gate_las_pph_raw.yaml
steering/gate/las tmpl/gate_las_pveto.tmpl.yaml steering/gate/las/tmpl gate_las_pveto.tmpl.yaml
gate_array_init_las_pveto
las_2ndpla_veto
stop_proc_las_pveto
loading tmpl/gate_las.tmpl.yaml
steering/gate/las tmpl/gate_las.tmpl.yaml steering/gate/las/tmpl gate_las.tmpl.yaml
gate_array_init_las_pid
las_pid
stop_proc_las_pid
loading tmpl/gate_las_tot.tmpl.yaml
steering/gate/las tmpl/gate_las_tot.tmpl.yaml steering/gate/las/tmpl gate_las_tot.tmpl.yaml
gate_array_init_las_tot
las_pid_tot
stop_proc_las_tot
hist_pid_las
hist_vdc_las_track
hist_vdc_eff_las
itrBegin = 137275344 itrEnd = 138617920
branch : eventheader
branch : trig_raw
branch : trig
branch : trig_gr
branch : trig_las
branch : trig_coin
branch : rf_raw
branch : rf
branch : rf1
branch : rf2
branch : rf3
branch : tref_las_raw
branch : tref_grfcet_raw
branch : tref_grtrig_raw
branch : tref_las
branch : tref_grfcet
branch : tref_grtrig
branch : pla_gr_raw
branch : pla_gr_cal
branch : pla_gr_1l_cal
branch : pla_gr_1r_cal
branch : pla_gr_2l_cal
branch : pla_gr_2r_cal
branch : pla_gr_1l
branch : pla_gr_1r
branch : pla_gr_2l
branch : pla_gr_2r
branch : pla_gr_1
branch : pla_gr_2
branch : vdc_gr_raw
branch : vdc_gr_cal
branch : vdc_gr_dt
branch : vdc_gr_x1
branch : vdc_gr_u1
branch : vdc_gr_x2
branch : vdc_gr_u2
branch : vdc_gr_clust_x1
branch : vdc_gr_clust_x2
branch : vdc_gr_clust_u1
branch : vdc_gr_clust_u2
branch : vdc_gr
branch : pla_las_raw
branch : pla_las_cal
branch : pla_las_1l_cal
branch : pla_las_1r_cal
branch : pla_las_2l_cal
branch : pla_las_2r_cal
branch : pla_las_3l_cal
branch : pla_las_3r_cal
branch : pla_las_4l_cal
branch : pla_las_4r_cal
branch : pla_las_5l_cal
branch : pla_las_5r_cal
branch : pla_las_6l_cal
branch : pla_las_6r_cal
branch : pla_las_3l
branch : pla_las_3r
branch : pla_las_4l
branch : pla_las_4r
branch : pla_las_5l
branch : pla_las_5r
branch : pla_las_6l
branch : pla_las_6r
branch : pla_las_3
branch : pla_las_4
branch : pla_las_5
branch : pla_las_6
branch : vdc_las_raw
branch : vdc_las_cal
branch : vdc_las_dt
branch : vdc_las_x1
branch : vdc_las_u1
branch : vdc_las_v1
branch : vdc_las_x2
branch : vdc_las_u2
branch : vdc_las_v2
branch : vdc_las_clust_x1
branch : vdc_las_clust_x2
branch : vdc_las_clust_u1
branch : vdc_las_clust_u2
branch : vdc_las_clust_v1
branch : vdc_las_clust_v2
branch : vdc_las_xu
branch : vdc_las_xv
branch : vdc_las_uv
branch : vdc_las
include
scripts/eff_las.C(2135,"pph")
Registering art::TStreamingModuleDecoderLRTDC
Registering art::TStreamingModuleDecoderHRTDC
Registering art::TStreamingModuleDecoderLRTDC64
Registering art::streaming::v1::TStreamingModuleDecoderLRTDC64
Registering art::streaming::v1::TStreamingModuleDecoderHRTDC
Use mass table inside root since Art.MassTable is not defined in .rootrc
Created art::TStreamingModuleDecoderHRTDC with decoder ID 2
Created art::TStreamingModuleDecoderLRTDC with decoder ID 1
Created art::TStreamingModuleDecoderLRTDC64 with decoder ID 3
Created art::streaming::v1::TStreamingModuleDecoderHRTDC with decoder ID 5
Created art::streaming::v1::TStreamingModuleDecoderLRTDC64 with decoder ID 6

Processing scripts/eff_las.C(2135,"pph")...
timer
es_ttree
steering gate/las/gate_las_pph_raw.yaml steering/gate/las gate_las_pph_raw.yaml
steering/gate/las tmpl/gate_las_pveto.tmpl.yaml steering/gate/las/tmpl gate_las_pveto.tmpl.yaml
gate_array_init_las_pveto
las_2ndpla_veto
stop_proc_las_pveto
loading tmpl/gate_las.tmpl.yaml
steering/gate/las tmpl/gate_las.tmpl.yaml steering/gate/las/tmpl gate_las.tmpl.yaml
gate_array_init_las_pid
las_pid
stop_proc_las_pid
loading tmpl/gate_las_tot.tmpl.yaml
steering/gate/las tmpl/gate_las_tot.tmpl.yaml steering/gate/las/tmpl gate_las_tot.tmpl.yaml
gate_array_init_las_tot
las_pid_tot
stop_proc_las_tot
hist_pid_las
hist_vdc_las_track
hist_vdc_eff_las
itrBegin = 120860608 itrEnd = 123268272
branch : eventheader
branch : trig_raw
branch : trig
branch : trig_gr
branch : trig_las
branch : trig_coin
branch : rf_raw
branch : rf
branch : rf1
branch : rf2
branch : rf3
branch : tref_las_raw
branch : tref_grfcet_raw
branch : tref_grtrig_raw
branch : tref_las
branch : tref_grfcet
branch : tref_grtrig
branch : pla_gr_raw
branch : pla_gr_cal
branch : pla_gr_1l_cal
branch : pla_gr_1r_cal
branch : pla_gr_2l_cal
branch : pla_gr_2r_cal
branch : pla_gr_1l
branch : pla_gr_1r
branch : pla_gr_2l
branch : pla_gr_2r
branch : pla_gr_1
branch : pla_gr_2
branch : vdc_gr_raw
branch : vdc_gr_cal
branch : vdc_gr_dt
branch : vdc_gr_x1
branch : vdc_gr_u1
branch : vdc_gr_x2
branch : vdc_gr_u2
branch : vdc_gr_clust_x1
branch : vdc_gr_clust_x2
branch : vdc_gr_clust_u1
branch : vdc_gr_clust_u2
branch : vdc_gr
branch : pla_las_raw
branch : pla_las_cal
branch : pla_las_1l_cal
branch : pla_las_1r_cal
branch : pla_las_2l_cal
branch : pla_las_2r_cal
branch : pla_las_3l_cal
branch : pla_las_3r_cal
branch : pla_las_4l_cal
branch : pla_las_4r_cal
branch : pla_las_5l_cal
branch : pla_las_5r_cal
branch : pla_las_6l_cal
branch : pla_las_6r_cal
branch : pla_las_3l
branch : pla_las_3r
branch : pla_las_4l
branch : pla_las_4r
branch : pla_las_5l
branch : pla_las_5r
branch : pla_las_6l
branch : pla_las_6r
branch : pla_las_3
branch : pla_las_4
branch : pla_las_5
branch : pla_las_6
branch : vdc_las_raw
branch : vdc_las_cal
branch : vdc_las_dt
branch : vdc_las_x1
branch : vdc_las_u1
branch : vdc_las_v1
branch : vdc_las_x2
branch : vdc_las_u2
branch : vdc_las_v2
branch : vdc_las_clust_x1
branch : vdc_las_clust_x2
branch : vdc_las_clust_u1
branch : vdc_las_clust_u2
branch : vdc_las_clust_v1
branch : vdc_las_clust_v2
branch : vdc_las_xu
branch : vdc_las_xv
branch : vdc_las_uv
branch : vdc_las
include
scripts/eff_las.C(2136,"pph")
Registering art::TStreamingModuleDecoderLRTDC
Registering art::TStreamingModuleDecoderHRTDC
Registering art::TStreamingModuleDecoderLRTDC64
Registering art::streaming::v1::TStreamingModuleDecoderLRTDC64
Registering art::streaming::v1::TStreamingModuleDecoderHRTDC
Use mass table inside root since Art.MassTable is not defined in .rootrc
Created art::TStreamingModuleDecoderHRTDC with decoder ID 2
Created art::TStreamingModuleDecoderLRTDC with decoder ID 1
Created art::TStreamingModuleDecoderLRTDC64 with decoder ID 3
Created art::streaming::v1::TStreamingModuleDecoderHRTDC with decoder ID 5
Created art::streaming::v1::TStreamingModuleDecoderLRTDC64 with decoder ID 6

Processing scripts/eff_las.C(2136,"pph")...
timer
es_ttree
steering gate/las/gate_las_pph_raw.yaml steering/gate/las gate_las_pph_raw.yaml
steering/gate/las tmpl/gate_las_pveto.tmpl.yaml steering/gate/las/tmpl gate_las_pveto.tmpl.yaml
gate_array_init_las_pveto
las_2ndpla_veto
stop_proc_las_pveto
loading tmpl/gate_las.tmpl.yaml
steering/gate/las tmpl/gate_las.tmpl.yaml steering/gate/las/tmpl gate_las.tmpl.yaml
gate_array_init_las_pid
las_pid
stop_proc_las_pid
loading tmpl/gate_las_tot.tmpl.yaml
steering/gate/las tmpl/gate_las_tot.tmpl.yaml steering/gate/las/tmpl gate_las_tot.tmpl.yaml
gate_array_init_las_tot
las_pid_tot
stop_proc_las_tot
hist_pid_las
hist_vdc_las_track
hist_vdc_eff_las
itrBegin = 89830064 itrEnd = 123061200
branch : eventheader
branch : trig_raw
branch : trig
branch : trig_gr
branch : trig_las
branch : trig_coin
branch : rf_raw
branch : rf
branch : rf1
branch : rf2
branch : rf3
branch : tref_las_raw
branch : tref_grfcet_raw
branch : tref_grtrig_raw
branch : tref_las
branch : tref_grfcet
branch : tref_grtrig
branch : pla_gr_raw
branch : pla_gr_cal
branch : pla_gr_1l_cal
branch : pla_gr_1r_cal
branch : pla_gr_2l_cal
branch : pla_gr_2r_cal
branch : pla_gr_1l
branch : pla_gr_1r
branch : pla_gr_2l
branch : pla_gr_2r
branch : pla_gr_1
branch : pla_gr_2
branch : vdc_gr_raw
branch : vdc_gr_cal
branch : vdc_gr_dt
branch : vdc_gr_x1
branch : vdc_gr_u1
branch : vdc_gr_x2
branch : vdc_gr_u2
branch : vdc_gr_clust_x1
branch : vdc_gr_clust_x2
branch : vdc_gr_clust_u1
branch : vdc_gr_clust_u2
branch : vdc_gr
branch : pla_las_raw
branch : pla_las_cal
branch : pla_las_1l_cal
branch : pla_las_1r_cal
branch : pla_las_2l_cal
branch : pla_las_2r_cal
branch : pla_las_3l_cal
branch : pla_las_3r_cal
branch : pla_las_4l_cal
branch : pla_las_4r_cal
branch : pla_las_5l_cal
branch : pla_las_5r_cal
branch : pla_las_6l_cal
branch : pla_las_6r_cal
branch : pla_las_3l
branch : pla_las_3r
branch : pla_las_4l
branch : pla_las_4r
branch : pla_las_5l
branch : pla_las_5r
branch : pla_las_6l
branch : pla_las_6r
branch : pla_las_3
branch : pla_las_4
branch : pla_las_5
branch : pla_las_6
branch : vdc_las_raw
branch : vdc_las_cal
branch : vdc_las_dt
branch : vdc_las_x1
branch : vdc_las_u1
branch : vdc_las_v1
branch : vdc_las_x2
branch : vdc_las_u2
branch : vdc_las_v2
branch : vdc_las_clust_x1
branch : vdc_las_clust_x2
branch : vdc_las_clust_u1
branch : vdc_las_clust_u2
branch : vdc_las_clust_v1
branch : vdc_las_clust_v2
branch : vdc_las_xu
branch : vdc_las_xv
branch : vdc_las_uv
branch : vdc_las
include
scripts/eff_las.C(2181,"pph")
Registering art::TStreamingModuleDecoderLRTDC
Registering art::TStreamingModuleDecoderHRTDC
Registering art::TStreamingModuleDecoderLRTDC64
Registering art::streaming::v1::TStreamingModuleDecoderLRTDC64
Registering art::streaming::v1::TStreamingModuleDecoderHRTDC
Use mass table inside root since Art.MassTable is not defined in .rootrc
Created art::TStreamingModuleDecoderHRTDC with decoder ID 2
Created art::TStreamingModuleDecoderLRTDC with decoder ID 1
Created art::TStreamingModuleDecoderLRTDC64 with decoder ID 3
Created art::streaming::v1::TStreamingModuleDecoderHRTDC with decoder ID 5
Created art::streaming::v1::TStreamingModuleDecoderLRTDC64 with decoder ID 6

Processing scripts/eff_las.C(2181,"pph")...
timer
es_ttree
steering gate/las/gate_las_pph_raw.yaml steering/gate/las gate_las_pph_raw.yaml
steering/gate/las tmpl/gate_las_pveto.tmpl.yaml steering/gate/las/tmpl gate_las_pveto.tmpl.yaml
gate_array_init_las_pveto
las_2ndpla_veto
stop_proc_las_pveto
loading tmpl/gate_las.tmpl.yaml
steering/gate/las tmpl/gate_las.tmpl.yaml steering/gate/las/tmpl gate_las.tmpl.yaml
gate_array_init_las_pid
las_pid
stop_proc_las_pid
loading tmpl/gate_las_tot.tmpl.yaml
steering/gate/las tmpl/gate_las_tot.tmpl.yaml steering/gate/las/tmpl gate_las_tot.tmpl.yaml
gate_array_init_las_tot
las_pid_tot
stop_proc_las_tot
hist_pid_las
hist_vdc_las_track
hist_vdc_eff_las
itrBegin = 124639664 itrEnd = 36844976
branch : eventheader
branch : trig_raw
branch : trig
branch : trig_gr
branch : trig_las
branch : trig_coin
branch : rf_raw
branch : rf
branch : rf1
branch : rf2
branch : rf3
branch : tref_las_raw
branch : tref_grfcet_raw
branch : tref_grtrig_raw
branch : tref_las
branch : tref_grfcet
branch : tref_grtrig
branch : pla_gr_raw
branch : pla_gr_cal
branch : pla_gr_1l_cal
branch : pla_gr_1r_cal
branch : pla_gr_2l_cal
branch : pla_gr_2r_cal
branch : pla_gr_1l
branch : pla_gr_1r
branch : pla_gr_2l
branch : pla_gr_2r
branch : pla_gr_1
branch : pla_gr_2
branch : vdc_gr_raw
branch : vdc_gr_cal
branch : vdc_gr_dt
branch : vdc_gr_x1
branch : vdc_gr_u1
branch : vdc_gr_x2
branch : vdc_gr_u2
branch : vdc_gr_clust_x1
branch : vdc_gr_clust_x2
branch : vdc_gr_clust_u1
branch : vdc_gr_clust_u2
branch : vdc_gr
branch : pla_las_raw
branch : pla_las_cal
branch : pla_las_1l_cal
branch : pla_las_1r_cal
branch : pla_las_2l_cal
branch : pla_las_2r_cal
branch : pla_las_3l_cal
branch : pla_las_3r_cal
branch : pla_las_4l_cal
branch : pla_las_4r_cal
branch : pla_las_5l_cal
branch : pla_las_5r_cal
branch : pla_las_6l_cal
branch : pla_las_6r_cal
branch : pla_las_3l
branch : pla_las_3r
branch : pla_las_4l
branch : pla_las_4r
branch : pla_las_5l
branch : pla_las_5r
branch : pla_las_6l
branch : pla_las_6r
branch : pla_las_3
branch : pla_las_4
branch : pla_las_5
branch : pla_las_6
branch : vdc_las_raw
branch : vdc_las_cal
branch : vdc_las_dt
branch : vdc_las_x1
branch : vdc_las_u1
branch : vdc_las_v1
branch : vdc_las_x2
branch : vdc_las_u2
branch : vdc_las_v2
branch : vdc_las_clust_x1
branch : vdc_las_clust_x2
branch : vdc_las_clust_u1
branch : vdc_las_clust_u2
branch : vdc_las_clust_v1
branch : vdc_las_clust_v2
branch : vdc_las_xu
branch : vdc_las_xv
branch : vdc_las_uv
branch : vdc_las
include
scripts/eff_las.C(2183,"pph")
Registering art::TStreamingModuleDecoderLRTDC
Registering art::TStreamingModuleDecoderHRTDC
Registering art::TStreamingModuleDecoderLRTDC64
Registering art::streaming::v1::TStreamingModuleDecoderLRTDC64
Registering art::streaming::v1::TStreamingModuleDecoderHRTDC
Use mass table inside root since Art.MassTable is not defined in .rootrc
Created art::TStreamingModuleDecoderHRTDC with decoder ID 2
Created art::TStreamingModuleDecoderLRTDC with decoder ID 1
Created art::TStreamingModuleDecoderLRTDC64 with decoder ID 3
Created art::streaming::v1::TStreamingModuleDecoderHRTDC with decoder ID 5
Created art::streaming::v1::TStreamingModuleDecoderLRTDC64 with decoder ID 6

Processing scripts/eff_las.C(2183,"pph")...
timer
es_ttree
steering gate/las/gate_las_pph_raw.yaml steering/gate/las gate_las_pph_raw.yaml
steering/gate/las tmpl/gate_las_pveto.tmpl.yaml steering/gate/las/tmpl gate_las_pveto.tmpl.yaml
gate_array_init_las_pveto
las_2ndpla_veto
stop_proc_las_pveto
loading tmpl/gate_las.tmpl.yaml
steering/gate/las tmpl/gate_las.tmpl.yaml steering/gate/las/tmpl gate_las.tmpl.yaml
gate_array_init_las_pid
las_pid
stop_proc_las_pid
loading tmpl/gate_las_tot.tmpl.yaml
steering/gate/las tmpl/gate_las_tot.tmpl.yaml steering/gate/las/tmpl gate_las_tot.tmpl.yaml
gate_array_init_las_tot
las_pid_tot
stop_proc_las_tot
hist_pid_las
hist_vdc_las_track
hist_vdc_eff_las
itrBegin = 121054272 itrEnd = 121060768
branch : eventheader
branch : trig_raw
branch : trig
branch : trig_gr
branch : trig_las
branch : trig_coin
branch : rf_raw
branch : rf
branch : rf1
branch : rf2
branch : rf3
branch : tref_las_raw
branch : tref_grfcet_raw
branch : tref_grtrig_raw
branch : tref_las
branch : tref_grfcet
branch : tref_grtrig
branch : pla_gr_raw
branch : pla_gr_cal
branch : pla_gr_1l_cal
branch : pla_gr_1r_cal
branch : pla_gr_2l_cal
branch : pla_gr_2r_cal
branch : pla_gr_1l
branch : pla_gr_1r
branch : pla_gr_2l
branch : pla_gr_2r
branch : pla_gr_1
branch : pla_gr_2
branch : vdc_gr_raw
branch : vdc_gr_cal
branch : vdc_gr_dt
branch : vdc_gr_x1
branch : vdc_gr_u1
branch : vdc_gr_x2
branch : vdc_gr_u2
branch : vdc_gr_clust_x1
branch : vdc_gr_clust_x2
branch : vdc_gr_clust_u1
branch : vdc_gr_clust_u2
branch : vdc_gr
branch : pla_las_raw
branch : pla_las_cal
branch : pla_las_1l_cal
branch : pla_las_1r_cal
branch : pla_las_2l_cal
branch : pla_las_2r_cal
branch : pla_las_3l_cal
branch : pla_las_3r_cal
branch : pla_las_4l_cal
branch : pla_las_4r_cal
branch : pla_las_5l_cal
branch : pla_las_5r_cal
branch : pla_las_6l_cal
branch : pla_las_6r_cal
branch : pla_las_3l
branch : pla_las_3r
branch : pla_las_4l
branch : pla_las_4r
branch : pla_las_5l
branch : pla_las_5r
branch : pla_las_6l
branch : pla_las_6r
branch : pla_las_3
branch : pla_las_4
branch : pla_las_5
branch : pla_las_6
branch : vdc_las_raw
branch : vdc_las_cal
branch : vdc_las_dt
branch : vdc_las_x1
branch : vdc_las_u1
branch : vdc_las_v1
branch : vdc_las_x2
branch : vdc_las_u2
branch : vdc_las_v2
branch : vdc_las_clust_x1
branch : vdc_las_clust_x2
branch : vdc_las_clust_u1
branch : vdc_las_clust_u2
branch : vdc_las_clust_v1
branch : vdc_las_clust_v2
branch : vdc_las_xu
branch : vdc_las_xv
branch : vdc_las_uv
branch : vdc_las
include
scripts/eff_las.C(2185,"pph")
Registering art::TStreamingModuleDecoderLRTDC
Registering art::TStreamingModuleDecoderHRTDC
Registering art::TStreamingModuleDecoderLRTDC64
Registering art::streaming::v1::TStreamingModuleDecoderLRTDC64
Registering art::streaming::v1::TStreamingModuleDecoderHRTDC
Use mass table inside root since Art.MassTable is not defined in .rootrc
Created art::TStreamingModuleDecoderHRTDC with decoder ID 2
Created art::TStreamingModuleDecoderLRTDC with decoder ID 1
Created art::TStreamingModuleDecoderLRTDC64 with decoder ID 3
Created art::streaming::v1::TStreamingModuleDecoderHRTDC with decoder ID 5
Created art::streaming::v1::TStreamingModuleDecoderLRTDC64 with decoder ID 6

Processing scripts/eff_las.C(2185,"pph")...
timer
es_ttree
steering gate/las/gate_las_pph_raw.yaml steering/gate/las gate_las_pph_raw.yaml
steering/gate/las tmpl/gate_las_pveto.tmpl.yaml steering/gate/las/tmpl gate_las_pveto.tmpl.yaml
gate_array_init_las_pveto
las_2ndpla_veto
stop_proc_las_pveto
loading tmpl/gate_las.tmpl.yaml
steering/gate/las tmpl/gate_las.tmpl.yaml steering/gate/las/tmpl gate_las.tmpl.yaml
gate_array_init_las_pid
las_pid
stop_proc_las_pid
loading tmpl/gate_las_tot.tmpl.yaml
steering/gate/las tmpl/gate_las_tot.tmpl.yaml steering/gate/las/tmpl gate_las_tot.tmpl.yaml
gate_array_init_las_tot
las_pid_tot
stop_proc_las_tot
hist_pid_las
hist_vdc_las_track
hist_vdc_eff_las
itrBegin = 116422208 itrEnd = 116150416
branch : eventheader
branch : trig_raw
branch : trig
branch : trig_gr
branch : trig_las
branch : trig_coin
branch : rf_raw
branch : rf
branch : rf1
branch : rf2
branch : rf3
branch : tref_las_raw
branch : tref_grfcet_raw
branch : tref_grtrig_raw
branch : tref_las
branch : tref_grfcet
branch : tref_grtrig
branch : pla_gr_raw
branch : pla_gr_cal
branch : pla_gr_1l_cal
branch : pla_gr_1r_cal
branch : pla_gr_2l_cal
branch : pla_gr_2r_cal
branch : pla_gr_1l
branch : pla_gr_1r
branch : pla_gr_2l
branch : pla_gr_2r
branch : pla_gr_1
branch : pla_gr_2
branch : vdc_gr_raw
branch : vdc_gr_cal
branch : vdc_gr_dt
branch : vdc_gr_x1
branch : vdc_gr_u1
branch : vdc_gr_x2
branch : vdc_gr_u2
branch : vdc_gr_clust_x1
branch : vdc_gr_clust_x2
branch : vdc_gr_clust_u1
branch : vdc_gr_clust_u2
branch : vdc_gr
branch : pla_las_raw
branch : pla_las_cal
branch : pla_las_1l_cal
branch : pla_las_1r_cal
branch : pla_las_2l_cal
branch : pla_las_2r_cal
branch : pla_las_3l_cal
branch : pla_las_3r_cal
branch : pla_las_4l_cal
branch : pla_las_4r_cal
branch : pla_las_5l_cal
branch : pla_las_5r_cal
branch : pla_las_6l_cal
branch : pla_las_6r_cal
branch : pla_las_3l
branch : pla_las_3r
branch : pla_las_4l
branch : pla_las_4r
branch : pla_las_5l
branch : pla_las_5r
branch : pla_las_6l
branch : pla_las_6r
branch : pla_las_3
branch : pla_las_4
branch : pla_las_5
branch : pla_las_6
branch : vdc_las_raw
branch : vdc_las_cal
branch : vdc_las_dt
branch : vdc_las_x1
branch : vdc_las_u1
branch : vdc_las_v1
branch : vdc_las_x2
branch : vdc_las_u2
branch : vdc_las_v2
branch : vdc_las_clust_x1
branch : vdc_las_clust_x2
branch : vdc_las_clust_u1
branch : vdc_las_clust_u2
branch : vdc_las_clust_v1
branch : vdc_las_clust_v2
branch : vdc_las_xu
branch : vdc_las_xv
branch : vdc_las_uv
branch : vdc_las
include
scripts/eff_las.C(2186,"pph")
Registering art::TStreamingModuleDecoderLRTDC
Registering art::TStreamingModuleDecoderHRTDC
Registering art::TStreamingModuleDecoderLRTDC64
Registering art::streaming::v1::TStreamingModuleDecoderLRTDC64
Registering art::streaming::v1::TStreamingModuleDecoderHRTDC
Use mass table inside root since Art.MassTable is not defined in .rootrc
Created art::TStreamingModuleDecoderHRTDC with decoder ID 2
Created art::TStreamingModuleDecoderLRTDC with decoder ID 1
Created art::TStreamingModuleDecoderLRTDC64 with decoder ID 3
Created art::streaming::v1::TStreamingModuleDecoderHRTDC with decoder ID 5
Created art::streaming::v1::TStreamingModuleDecoderLRTDC64 with decoder ID 6

Processing scripts/eff_las.C(2186,"pph")...
timer
es_ttree
steering gate/las/gate_las_pph_raw.yaml steering/gate/las gate_las_pph_raw.yaml
steering/gate/las tmpl/gate_las_pveto.tmpl.yaml steering/gate/las/tmpl gate_las_pveto.tmpl.yaml
gate_array_init_las_pveto
las_2ndpla_veto
stop_proc_las_pveto
loading tmpl/gate_las.tmpl.yaml
steering/gate/las tmpl/gate_las.tmpl.yaml steering/gate/las/tmpl gate_las.tmpl.yaml
gate_array_init_las_pid
las_pid
stop_proc_las_pid
loading tmpl/gate_las_tot.tmpl.yaml
steering/gate/las tmpl/gate_las_tot.tmpl.yaml steering/gate/las/tmpl gate_las_tot.tmpl.yaml
gate_array_init_las_tot
las_pid_tot
stop_proc_las_tot
hist_pid_las
hist_vdc_las_track
hist_vdc_eff_las
itrBegin = 63888640 itrEnd = 135180960
branch : eventheader
branch : trig_raw
branch : trig
branch : trig_gr
branch : trig_las
branch : trig_coin
branch : rf_raw
branch : rf
branch : rf1
branch : rf2
branch : rf3
branch : tref_las_raw
branch : tref_grfcet_raw
branch : tref_grtrig_raw
branch : tref_las
branch : tref_grfcet
branch : tref_grtrig
branch : pla_gr_raw
branch : pla_gr_cal
branch : pla_gr_1l_cal
branch : pla_gr_1r_cal
branch : pla_gr_2l_cal
branch : pla_gr_2r_cal
branch : pla_gr_1l
branch : pla_gr_1r
branch : pla_gr_2l
branch : pla_gr_2r
branch : pla_gr_1
branch : pla_gr_2
branch : vdc_gr_raw
branch : vdc_gr_cal
branch : vdc_gr_dt
branch : vdc_gr_x1
branch : vdc_gr_u1
branch : vdc_gr_x2
branch : vdc_gr_u2
branch : vdc_gr_clust_x1
branch : vdc_gr_clust_x2
branch : vdc_gr_clust_u1
branch : vdc_gr_clust_u2
branch : vdc_gr
branch : pla_las_raw
branch : pla_las_cal
branch : pla_las_1l_cal
branch : pla_las_1r_cal
branch : pla_las_2l_cal
branch : pla_las_2r_cal
branch : pla_las_3l_cal
branch : pla_las_3r_cal
branch : pla_las_4l_cal
branch : pla_las_4r_cal
branch : pla_las_5l_cal
branch : pla_las_5r_cal
branch : pla_las_6l_cal
branch : pla_las_6r_cal
branch : pla_las_3l
branch : pla_las_3r
branch : pla_las_4l
branch : pla_las_4r
branch : pla_las_5l
branch : pla_las_5r
branch : pla_las_6l
branch : pla_las_6r
branch : pla_las_3
branch : pla_las_4
branch : pla_las_5
branch : pla_las_6
branch : vdc_las_raw
branch : vdc_las_cal
branch : vdc_las_dt
branch : vdc_las_x1
branch : vdc_las_u1
branch : vdc_las_v1
branch : vdc_las_x2
branch : vdc_las_u2
branch : vdc_las_v2
branch : vdc_las_clust_x1
branch : vdc_las_clust_x2
branch : vdc_las_clust_u1
branch : vdc_las_clust_u2
branch : vdc_las_clust_v1
branch : vdc_las_clust_v2
branch : vdc_las_xu
branch : vdc_las_xv
branch : vdc_las_uv
branch : vdc_las
include
