2024年 10月 13日 日曜日 01:33:44 JST
scripts/phys.C(2090,"pph")
Registering art::TStreamingModuleDecoderLRTDC
Registering art::TStreamingModuleDecoderHRTDC
Registering art::TStreamingModuleDecoderLRTDC64
Registering art::streaming::v1::TStreamingModuleDecoderLRTDC64
Registering art::streaming::v1::TStreamingModuleDecoderHRTDC
Use mass table inside root since Art.MassTable is not defined in .rootrc
Created art::TStreamingModuleDecoderHRTDC with decoder ID 2
Created art::TStreamingModuleDecoderLRTDC with decoder ID 1
Created art::TStreamingModuleDecoderLRTDC64 with decoder ID 3
Created art::streaming::v1::TStreamingModuleDecoderHRTDC with decoder ID 5
Created art::streaming::v1::TStreamingModuleDecoderLRTDC64 with decoder ID 6

Processing scripts/phys.C(2090,"pph")...
timer
es_ttree
steering gate/gate_coin.yaml steering/gate gate_coin.yaml
gate_array_init_coin
trigger_gates
stop_proc_coin
steering gate/las/gate_las_pph.yaml steering/gate/las gate_las_pph.yaml
loading tmpl/gate_las_calib.tmpl.yaml
steering/gate/las tmpl/gate_las_calib.tmpl.yaml steering/gate/las/tmpl gate_las_calib.tmpl.yaml
gate_array_init_las_pid
las_pid
stop_proc_las_pid
steering gate/gr/gate_gr_pph.yaml steering/gate/gr gate_gr_pph.yaml
loading tmpl/gate_gr_calib.tmpl.yaml
steering/gate/gr tmpl/gate_gr_calib.tmpl.yaml steering/gate/gr/tmpl gate_gr_calib.tmpl.yaml
gate_array_init
gr_charge
stop_proc
steering gate/ppx/energy_gr/gate_gr_energy_pph.yaml steering/gate/ppx/energy_gr gate_gr_energy_pph.yaml
gate_array_init_gr_energy
def_gate_gr_energy
stop_proc_gr_energy
steering gate/ppx/energy_las/gate_las_energy_pph.yaml steering/gate/ppx/energy_las gate_las_energy_pph.yaml
gate_array_init_las_energy
def_gate_las_energy
stop_proc_las_energy
steering gate/ppx/ang_gr/gate_gr_ang_pph.yaml steering/gate/ppx/ang_gr gate_gr_ang_pph.yaml
gate_array_init_gr_ang
def_gate_gr_ang
stop_proc_gr_ang
steering gate/ppx/ang_las/gate_las_ang_pph.yaml steering/gate/ppx/ang_las gate_las_ang_pph.yaml
gate_array_init_las_ang
def_gate_las_ang
stop_proc_las_ang
hist_pid_gr
hist_pid_las
hist_vdc_gr_track
hist_vdc_las_track
hist_vdc_gr_las
hist_optics_gr
hist_optics_las
hist_optics_corr
hist_phys
itrBegin = 102123088 itrEnd = 107248640
branch : gdc
branch : gfp
branch : ldc
branch : lfp_prime
branch : lfp
branch : gtgt
branch : ltgt
branch : pid_gr
branch : pid_las
branch : tof_raw
branch : tof
branch : gr_rf1
branch : gr_rf2
branch : gr_rf3
branch : las_rf1
branch : las_rf2
branch : las_rf3
branch : trig_gr
branch : trig_las
branch : trig_coin
branch : rf1
branch : rf2
branch : rf3
branch : pgr
branch : plas
scripts/phys.C(2101,"pph")
Registering art::TStreamingModuleDecoderLRTDC
Registering art::TStreamingModuleDecoderHRTDC
Registering art::TStreamingModuleDecoderLRTDC64
Registering art::streaming::v1::TStreamingModuleDecoderLRTDC64
Registering art::streaming::v1::TStreamingModuleDecoderHRTDC
Use mass table inside root since Art.MassTable is not defined in .rootrc
Created art::TStreamingModuleDecoderHRTDC with decoder ID 2
Created art::TStreamingModuleDecoderLRTDC with decoder ID 1
Created art::TStreamingModuleDecoderLRTDC64 with decoder ID 3
Created art::streaming::v1::TStreamingModuleDecoderHRTDC with decoder ID 5
Created art::streaming::v1::TStreamingModuleDecoderLRTDC64 with decoder ID 6

Processing scripts/phys.C(2101,"pph")...
timer
es_ttree
steering gate/gate_coin.yaml steering/gate gate_coin.yaml
gate_array_init_coin
trigger_gates
stop_proc_coin
steering gate/las/gate_las_pph.yaml steering/gate/las gate_las_pph.yaml
loading tmpl/gate_las_calib.tmpl.yaml
steering/gate/las tmpl/gate_las_calib.tmpl.yaml steering/gate/las/tmpl gate_las_calib.tmpl.yaml
gate_array_init_las_pid
las_pid
stop_proc_las_pid
steering gate/gr/gate_gr_pph.yaml steering/gate/gr gate_gr_pph.yaml
loading tmpl/gate_gr_calib.tmpl.yaml
steering/gate/gr tmpl/gate_gr_calib.tmpl.yaml steering/gate/gr/tmpl gate_gr_calib.tmpl.yaml
gate_array_init
gr_charge
stop_proc
steering gate/ppx/energy_gr/gate_gr_energy_pph.yaml steering/gate/ppx/energy_gr gate_gr_energy_pph.yaml
gate_array_init_gr_energy
def_gate_gr_energy
stop_proc_gr_energy
steering gate/ppx/energy_las/gate_las_energy_pph.yaml steering/gate/ppx/energy_las gate_las_energy_pph.yaml
gate_array_init_las_energy
def_gate_las_energy
stop_proc_las_energy
steering gate/ppx/ang_gr/gate_gr_ang_pph.yaml steering/gate/ppx/ang_gr gate_gr_ang_pph.yaml
gate_array_init_gr_ang
def_gate_gr_ang
stop_proc_gr_ang
steering gate/ppx/ang_las/gate_las_ang_pph.yaml steering/gate/ppx/ang_las gate_las_ang_pph.yaml
gate_array_init_las_ang
def_gate_las_ang
stop_proc_las_ang
hist_pid_gr
hist_pid_las
hist_vdc_gr_track
hist_vdc_las_track
hist_vdc_gr_las
hist_optics_gr
hist_optics_las
hist_optics_corr
hist_phys
itrBegin = 110080448 itrEnd = 122824768
branch : gdc
branch : gfp
branch : ldc
branch : lfp_prime
branch : lfp
branch : gtgt
branch : ltgt
branch : pid_gr
branch : pid_las
branch : tof_raw
branch : tof
branch : gr_rf1
branch : gr_rf2
branch : gr_rf3
branch : las_rf1
branch : las_rf2
branch : las_rf3
branch : trig_gr
branch : trig_las
branch : trig_coin
branch : rf1
branch : rf2
branch : rf3
branch : pgr
branch : plas
scripts/phys.C(2135,"pph")
Registering art::TStreamingModuleDecoderLRTDC
Registering art::TStreamingModuleDecoderHRTDC
Registering art::TStreamingModuleDecoderLRTDC64
Registering art::streaming::v1::TStreamingModuleDecoderLRTDC64
Registering art::streaming::v1::TStreamingModuleDecoderHRTDC
Use mass table inside root since Art.MassTable is not defined in .rootrc
Created art::TStreamingModuleDecoderHRTDC with decoder ID 2
Created art::TStreamingModuleDecoderLRTDC with decoder ID 1
Created art::TStreamingModuleDecoderLRTDC64 with decoder ID 3
Created art::streaming::v1::TStreamingModuleDecoderHRTDC with decoder ID 5
Created art::streaming::v1::TStreamingModuleDecoderLRTDC64 with decoder ID 6

Processing scripts/phys.C(2135,"pph")...
timer
es_ttree
steering gate/gate_coin.yaml steering/gate gate_coin.yaml
gate_array_init_coin
trigger_gates
stop_proc_coin
steering gate/las/gate_las_pph.yaml steering/gate/las gate_las_pph.yaml
loading tmpl/gate_las_calib.tmpl.yaml
steering/gate/las tmpl/gate_las_calib.tmpl.yaml steering/gate/las/tmpl gate_las_calib.tmpl.yaml
gate_array_init_las_pid
las_pid
stop_proc_las_pid
steering gate/gr/gate_gr_pph.yaml steering/gate/gr gate_gr_pph.yaml
loading tmpl/gate_gr_calib.tmpl.yaml
steering/gate/gr tmpl/gate_gr_calib.tmpl.yaml steering/gate/gr/tmpl gate_gr_calib.tmpl.yaml
gate_array_init
gr_charge
stop_proc
steering gate/ppx/energy_gr/gate_gr_energy_pph.yaml steering/gate/ppx/energy_gr gate_gr_energy_pph.yaml
gate_array_init_gr_energy
def_gate_gr_energy
stop_proc_gr_energy
steering gate/ppx/energy_las/gate_las_energy_pph.yaml steering/gate/ppx/energy_las gate_las_energy_pph.yaml
gate_array_init_las_energy
def_gate_las_energy
stop_proc_las_energy
steering gate/ppx/ang_gr/gate_gr_ang_pph.yaml steering/gate/ppx/ang_gr gate_gr_ang_pph.yaml
gate_array_init_gr_ang
def_gate_gr_ang
stop_proc_gr_ang
steering gate/ppx/ang_las/gate_las_ang_pph.yaml steering/gate/ppx/ang_las gate_las_ang_pph.yaml
gate_array_init_las_ang
def_gate_las_ang
stop_proc_las_ang
hist_pid_gr
hist_pid_las
hist_vdc_gr_track
hist_vdc_las_track
hist_vdc_gr_las
hist_optics_gr
hist_optics_las
hist_optics_corr
hist_phys
itrBegin = 96062128 itrEnd = 111525568
branch : gdc
branch : gfp
branch : ldc
branch : lfp_prime
branch : lfp
branch : gtgt
branch : ltgt
branch : pid_gr
branch : pid_las
branch : tof_raw
branch : tof
branch : gr_rf1
branch : gr_rf2
branch : gr_rf3
branch : las_rf1
branch : las_rf2
branch : las_rf3
branch : trig_gr
branch : trig_las
branch : trig_coin
branch : rf1
branch : rf2
branch : rf3
branch : pgr
branch : plas
scripts/phys.C(2136,"pph")
Registering art::TStreamingModuleDecoderLRTDC
Registering art::TStreamingModuleDecoderHRTDC
Registering art::TStreamingModuleDecoderLRTDC64
Registering art::streaming::v1::TStreamingModuleDecoderLRTDC64
Registering art::streaming::v1::TStreamingModuleDecoderHRTDC
Use mass table inside root since Art.MassTable is not defined in .rootrc
Created art::TStreamingModuleDecoderHRTDC with decoder ID 2
Created art::TStreamingModuleDecoderLRTDC with decoder ID 1
Created art::TStreamingModuleDecoderLRTDC64 with decoder ID 3
Created art::streaming::v1::TStreamingModuleDecoderHRTDC with decoder ID 5
Created art::streaming::v1::TStreamingModuleDecoderLRTDC64 with decoder ID 6

Processing scripts/phys.C(2136,"pph")...
timer
es_ttree
steering gate/gate_coin.yaml steering/gate gate_coin.yaml
gate_array_init_coin
trigger_gates
stop_proc_coin
steering gate/las/gate_las_pph.yaml steering/gate/las gate_las_pph.yaml
loading tmpl/gate_las_calib.tmpl.yaml
steering/gate/las tmpl/gate_las_calib.tmpl.yaml steering/gate/las/tmpl gate_las_calib.tmpl.yaml
gate_array_init_las_pid
las_pid
stop_proc_las_pid
steering gate/gr/gate_gr_pph.yaml steering/gate/gr gate_gr_pph.yaml
loading tmpl/gate_gr_calib.tmpl.yaml
steering/gate/gr tmpl/gate_gr_calib.tmpl.yaml steering/gate/gr/tmpl gate_gr_calib.tmpl.yaml
gate_array_init
gr_charge
stop_proc
steering gate/ppx/energy_gr/gate_gr_energy_pph.yaml steering/gate/ppx/energy_gr gate_gr_energy_pph.yaml
gate_array_init_gr_energy
def_gate_gr_energy
stop_proc_gr_energy
steering gate/ppx/energy_las/gate_las_energy_pph.yaml steering/gate/ppx/energy_las gate_las_energy_pph.yaml
gate_array_init_las_energy
def_gate_las_energy
stop_proc_las_energy
steering gate/ppx/ang_gr/gate_gr_ang_pph.yaml steering/gate/ppx/ang_gr gate_gr_ang_pph.yaml
gate_array_init_gr_ang
def_gate_gr_ang
stop_proc_gr_ang
steering gate/ppx/ang_las/gate_las_ang_pph.yaml steering/gate/ppx/ang_las gate_las_ang_pph.yaml
gate_array_init_las_ang
def_gate_las_ang
stop_proc_las_ang
hist_pid_gr
hist_pid_las
hist_vdc_gr_track
hist_vdc_las_track
hist_vdc_gr_las
hist_optics_gr
hist_optics_las
hist_optics_corr
hist_phys
itrBegin = 89918576 itrEnd = 119636096
branch : gdc
branch : gfp
branch : ldc
branch : lfp_prime
branch : lfp
branch : gtgt
branch : ltgt
branch : pid_gr
branch : pid_las
branch : tof_raw
branch : tof
branch : gr_rf1
branch : gr_rf2
branch : gr_rf3
branch : las_rf1
branch : las_rf2
branch : las_rf3
branch : trig_gr
branch : trig_las
branch : trig_coin
branch : rf1
branch : rf2
branch : rf3
branch : pgr
branch : plas
scripts/phys.C(2181,"pph")
Registering art::TStreamingModuleDecoderLRTDC
Registering art::TStreamingModuleDecoderHRTDC
Registering art::TStreamingModuleDecoderLRTDC64
Registering art::streaming::v1::TStreamingModuleDecoderLRTDC64
Registering art::streaming::v1::TStreamingModuleDecoderHRTDC
Use mass table inside root since Art.MassTable is not defined in .rootrc
Created art::TStreamingModuleDecoderHRTDC with decoder ID 2
Created art::TStreamingModuleDecoderLRTDC with decoder ID 1
Created art::TStreamingModuleDecoderLRTDC64 with decoder ID 3
Created art::streaming::v1::TStreamingModuleDecoderHRTDC with decoder ID 5
Created art::streaming::v1::TStreamingModuleDecoderLRTDC64 with decoder ID 6

Processing scripts/phys.C(2181,"pph")...
timer
es_ttree
steering gate/gate_coin.yaml steering/gate gate_coin.yaml
gate_array_init_coin
trigger_gates
stop_proc_coin
steering gate/las/gate_las_pph.yaml steering/gate/las gate_las_pph.yaml
loading tmpl/gate_las_calib.tmpl.yaml
steering/gate/las tmpl/gate_las_calib.tmpl.yaml steering/gate/las/tmpl gate_las_calib.tmpl.yaml
gate_array_init_las_pid
las_pid
stop_proc_las_pid
steering gate/gr/gate_gr_pph.yaml steering/gate/gr gate_gr_pph.yaml
loading tmpl/gate_gr_calib.tmpl.yaml
steering/gate/gr tmpl/gate_gr_calib.tmpl.yaml steering/gate/gr/tmpl gate_gr_calib.tmpl.yaml
gate_array_init
gr_charge
stop_proc
steering gate/ppx/energy_gr/gate_gr_energy_pph.yaml steering/gate/ppx/energy_gr gate_gr_energy_pph.yaml
gate_array_init_gr_energy
def_gate_gr_energy
stop_proc_gr_energy
steering gate/ppx/energy_las/gate_las_energy_pph.yaml steering/gate/ppx/energy_las gate_las_energy_pph.yaml
gate_array_init_las_energy
def_gate_las_energy
stop_proc_las_energy
steering gate/ppx/ang_gr/gate_gr_ang_pph.yaml steering/gate/ppx/ang_gr gate_gr_ang_pph.yaml
gate_array_init_gr_ang
def_gate_gr_ang
stop_proc_gr_ang
steering gate/ppx/ang_las/gate_las_ang_pph.yaml steering/gate/ppx/ang_las gate_las_ang_pph.yaml
gate_array_init_las_ang
def_gate_las_ang
stop_proc_las_ang
hist_pid_gr
hist_pid_las
hist_vdc_gr_track
hist_vdc_las_track
hist_vdc_gr_las
hist_optics_gr
hist_optics_las
hist_optics_corr
hist_phys
itrBegin = 133045776 itrEnd = 135168832
branch : gdc
branch : gfp
branch : ldc
branch : lfp_prime
branch : lfp
branch : gtgt
branch : ltgt
branch : pid_gr
branch : pid_las
branch : tof_raw
branch : tof
branch : gr_rf1
branch : gr_rf2
branch : gr_rf3
branch : las_rf1
branch : las_rf2
branch : las_rf3
branch : trig_gr
branch : trig_las
branch : trig_coin
branch : rf1
branch : rf2
branch : rf3
branch : pgr
branch : plas
scripts/phys.C(2183,"pph")
Registering art::TStreamingModuleDecoderLRTDC
Registering art::TStreamingModuleDecoderHRTDC
Registering art::TStreamingModuleDecoderLRTDC64
Registering art::streaming::v1::TStreamingModuleDecoderLRTDC64
Registering art::streaming::v1::TStreamingModuleDecoderHRTDC
Use mass table inside root since Art.MassTable is not defined in .rootrc
Created art::TStreamingModuleDecoderHRTDC with decoder ID 2
Created art::TStreamingModuleDecoderLRTDC with decoder ID 1
Created art::TStreamingModuleDecoderLRTDC64 with decoder ID 3
Created art::streaming::v1::TStreamingModuleDecoderHRTDC with decoder ID 5
Created art::streaming::v1::TStreamingModuleDecoderLRTDC64 with decoder ID 6

Processing scripts/phys.C(2183,"pph")...
timer
es_ttree
steering gate/gate_coin.yaml steering/gate gate_coin.yaml
gate_array_init_coin
trigger_gates
stop_proc_coin
steering gate/las/gate_las_pph.yaml steering/gate/las gate_las_pph.yaml
loading tmpl/gate_las_calib.tmpl.yaml
steering/gate/las tmpl/gate_las_calib.tmpl.yaml steering/gate/las/tmpl gate_las_calib.tmpl.yaml
gate_array_init_las_pid
las_pid
stop_proc_las_pid
steering gate/gr/gate_gr_pph.yaml steering/gate/gr gate_gr_pph.yaml
loading tmpl/gate_gr_calib.tmpl.yaml
steering/gate/gr tmpl/gate_gr_calib.tmpl.yaml steering/gate/gr/tmpl gate_gr_calib.tmpl.yaml
gate_array_init
gr_charge
stop_proc
steering gate/ppx/energy_gr/gate_gr_energy_pph.yaml steering/gate/ppx/energy_gr gate_gr_energy_pph.yaml
gate_array_init_gr_energy
def_gate_gr_energy
stop_proc_gr_energy
steering gate/ppx/energy_las/gate_las_energy_pph.yaml steering/gate/ppx/energy_las gate_las_energy_pph.yaml
gate_array_init_las_energy
def_gate_las_energy
stop_proc_las_energy
steering gate/ppx/ang_gr/gate_gr_ang_pph.yaml steering/gate/ppx/ang_gr gate_gr_ang_pph.yaml
gate_array_init_gr_ang
def_gate_gr_ang
stop_proc_gr_ang
steering gate/ppx/ang_las/gate_las_ang_pph.yaml steering/gate/ppx/ang_las gate_las_ang_pph.yaml
gate_array_init_las_ang
def_gate_las_ang
stop_proc_las_ang
hist_pid_gr
hist_pid_las
hist_vdc_gr_track
hist_vdc_las_track
hist_vdc_gr_las
hist_optics_gr
hist_optics_las
hist_optics_corr
hist_phys
itrBegin = 113566512 itrEnd = 121563104
branch : gdc
branch : gfp
branch : ldc
branch : lfp_prime
branch : lfp
branch : gtgt
branch : ltgt
branch : pid_gr
branch : pid_las
branch : tof_raw
branch : tof
branch : gr_rf1
branch : gr_rf2
branch : gr_rf3
branch : las_rf1
branch : las_rf2
branch : las_rf3
branch : trig_gr
branch : trig_las
branch : trig_coin
branch : rf1
branch : rf2
branch : rf3
branch : pgr
branch : plas
scripts/phys.C(2185,"pph")
Registering art::TStreamingModuleDecoderLRTDC
Registering art::TStreamingModuleDecoderHRTDC
Registering art::TStreamingModuleDecoderLRTDC64
Registering art::streaming::v1::TStreamingModuleDecoderLRTDC64
Registering art::streaming::v1::TStreamingModuleDecoderHRTDC
Use mass table inside root since Art.MassTable is not defined in .rootrc
Created art::TStreamingModuleDecoderHRTDC with decoder ID 2
Created art::TStreamingModuleDecoderLRTDC with decoder ID 1
Created art::TStreamingModuleDecoderLRTDC64 with decoder ID 3
Created art::streaming::v1::TStreamingModuleDecoderHRTDC with decoder ID 5
Created art::streaming::v1::TStreamingModuleDecoderLRTDC64 with decoder ID 6

Processing scripts/phys.C(2185,"pph")...
timer
es_ttree
steering gate/gate_coin.yaml steering/gate gate_coin.yaml
gate_array_init_coin
trigger_gates
stop_proc_coin
steering gate/las/gate_las_pph.yaml steering/gate/las gate_las_pph.yaml
loading tmpl/gate_las_calib.tmpl.yaml
steering/gate/las tmpl/gate_las_calib.tmpl.yaml steering/gate/las/tmpl gate_las_calib.tmpl.yaml
gate_array_init_las_pid
las_pid
stop_proc_las_pid
steering gate/gr/gate_gr_pph.yaml steering/gate/gr gate_gr_pph.yaml
loading tmpl/gate_gr_calib.tmpl.yaml
steering/gate/gr tmpl/gate_gr_calib.tmpl.yaml steering/gate/gr/tmpl gate_gr_calib.tmpl.yaml
gate_array_init
gr_charge
stop_proc
steering gate/ppx/energy_gr/gate_gr_energy_pph.yaml steering/gate/ppx/energy_gr gate_gr_energy_pph.yaml
gate_array_init_gr_energy
def_gate_gr_energy
stop_proc_gr_energy
steering gate/ppx/energy_las/gate_las_energy_pph.yaml steering/gate/ppx/energy_las gate_las_energy_pph.yaml
gate_array_init_las_energy
def_gate_las_energy
stop_proc_las_energy
steering gate/ppx/ang_gr/gate_gr_ang_pph.yaml steering/gate/ppx/ang_gr gate_gr_ang_pph.yaml
gate_array_init_gr_ang
def_gate_gr_ang
stop_proc_gr_ang
steering gate/ppx/ang_las/gate_las_ang_pph.yaml steering/gate/ppx/ang_las gate_las_ang_pph.yaml
gate_array_init_las_ang
def_gate_las_ang
stop_proc_las_ang
hist_pid_gr
hist_pid_las
hist_vdc_gr_track
hist_vdc_las_track
hist_vdc_gr_las
hist_optics_gr
hist_optics_las
hist_optics_corr
hist_phys
itrBegin = 75438976 itrEnd = 112509504
branch : gdc
branch : gfp
branch : ldc
branch : lfp_prime
branch : lfp
branch : gtgt
branch : ltgt
branch : pid_gr
branch : pid_las
branch : tof_raw
branch : tof
branch : gr_rf1
branch : gr_rf2
branch : gr_rf3
branch : las_rf1
branch : las_rf2
branch : las_rf3
branch : trig_gr
branch : trig_las
branch : trig_coin
branch : rf1
branch : rf2
branch : rf3
branch : pgr
branch : plas
scripts/phys.C(2186,"pph")
Registering art::TStreamingModuleDecoderLRTDC
Registering art::TStreamingModuleDecoderHRTDC
Registering art::TStreamingModuleDecoderLRTDC64
Registering art::streaming::v1::TStreamingModuleDecoderLRTDC64
Registering art::streaming::v1::TStreamingModuleDecoderHRTDC
Use mass table inside root since Art.MassTable is not defined in .rootrc
Created art::TStreamingModuleDecoderHRTDC with decoder ID 2
Created art::TStreamingModuleDecoderLRTDC with decoder ID 1
Created art::TStreamingModuleDecoderLRTDC64 with decoder ID 3
Created art::streaming::v1::TStreamingModuleDecoderHRTDC with decoder ID 5
Created art::streaming::v1::TStreamingModuleDecoderLRTDC64 with decoder ID 6

Processing scripts/phys.C(2186,"pph")...
timer
es_ttree
steering gate/gate_coin.yaml steering/gate gate_coin.yaml
gate_array_init_coin
trigger_gates
stop_proc_coin
steering gate/las/gate_las_pph.yaml steering/gate/las gate_las_pph.yaml
loading tmpl/gate_las_calib.tmpl.yaml
steering/gate/las tmpl/gate_las_calib.tmpl.yaml steering/gate/las/tmpl gate_las_calib.tmpl.yaml
gate_array_init_las_pid
las_pid
stop_proc_las_pid
steering gate/gr/gate_gr_pph.yaml steering/gate/gr gate_gr_pph.yaml
loading tmpl/gate_gr_calib.tmpl.yaml
steering/gate/gr tmpl/gate_gr_calib.tmpl.yaml steering/gate/gr/tmpl gate_gr_calib.tmpl.yaml
gate_array_init
gr_charge
stop_proc
steering gate/ppx/energy_gr/gate_gr_energy_pph.yaml steering/gate/ppx/energy_gr gate_gr_energy_pph.yaml
gate_array_init_gr_energy
def_gate_gr_energy
stop_proc_gr_energy
steering gate/ppx/energy_las/gate_las_energy_pph.yaml steering/gate/ppx/energy_las gate_las_energy_pph.yaml
gate_array_init_las_energy
def_gate_las_energy
stop_proc_las_energy
steering gate/ppx/ang_gr/gate_gr_ang_pph.yaml steering/gate/ppx/ang_gr gate_gr_ang_pph.yaml
gate_array_init_gr_ang
def_gate_gr_ang
stop_proc_gr_ang
steering gate/ppx/ang_las/gate_las_ang_pph.yaml steering/gate/ppx/ang_las gate_las_ang_pph.yaml
gate_array_init_las_ang
def_gate_las_ang
stop_proc_las_ang
hist_pid_gr
hist_pid_las
hist_vdc_gr_track
hist_vdc_las_track
hist_vdc_gr_las
hist_optics_gr
hist_optics_las
hist_optics_corr
hist_phys
itrBegin = 92429616 itrEnd = 129022768
branch : gdc
branch : gfp
branch : ldc
branch : lfp_prime
branch : lfp
branch : gtgt
branch : ltgt
branch : pid_gr
branch : pid_las
branch : tof_raw
branch : tof
branch : gr_rf1
branch : gr_rf2
branch : gr_rf3
branch : las_rf1
branch : las_rf2
branch : las_rf3
branch : trig_gr
branch : trig_las
branch : trig_coin
branch : rf1
branch : rf2
branch : rf3
branch : pgr
branch : plas
